Microchip MPLAB XC8 Compiler V2.40

Linker command line:

-W-3 \
  --edf=C:\Program Files\Microchip\xc8\v2.40\pic\dat\20220703182018_en.msgs \
  -cn \
  -h+dist/default/production\Agua_Level_Sensor_V1.0_-_AVFS.X.production.sym \
  --cmf=dist/default/production\Agua_Level_Sensor_V1.0_-_AVFS.X.production.cmf \
  -z -Q16LF15345 -oC:\Users\rahav\AppData\Local\Temp\xcAs37c.4 \
  --defsym=__MPLAB_BUILD=1 --fixupoverflow=error \
  -Mdist/default/production/Agua_Level_Sensor_V1.0_-_AVFS.X.production.map \
  --md=C:\Users\rahav\AppData\Local\Temp\xcAs37c.dat -E1 -ver=XC8 Compiler \
  --acfsm=1493 -ACODE=00h-07FFhx4 -ASTRCODE=00h-01FFFh -ASTRING=00h-0FFhx32 \
  -ACONST=00h-0FFhx32 -AENTRY=00h-0FFhx32 -ACOMMON=070h-07Fh \
  -ABANK0=020h-06Fh -ABANK1=0A0h-0EFh -ABANK2=0120h-016Fh \
  -ABANK3=01A0h-01EFh -ABANK4=0220h-026Fh -ABANK5=02A0h-02EFh \
  -ABANK6=0320h-036Fh -ABANK7=03A0h-03EFh -ABANK8=0420h-046Fh \
  -ABANK9=04A0h-04EFh -ABANK10=0520h-056Fh -ABANK11=05A0h-05EFh \
  -ABANK12=0620h-064Fh -ABIGRAM=02000h-023EFh \
  -ARAM=020h-06Fh,0A0h-0EFh,0120h-016Fh,01A0h-01EFh,0220h-026Fh,02A0h-02EFh,0320h-036Fh,03A0h-03EFh,0420h-046Fh,04A0h-04EFh,0520h-056Fh,05A0h-05EFh,0620h-064Fh \
  -AABS1=020h-07Fh,0A0h-0EFh,0120h-016Fh,01A0h-01EFh,0220h-026Fh,02A0h-02EFh,0320h-036Fh,03A0h-03EFh,0420h-046Fh,04A0h-04EFh,0520h-056Fh,05A0h-05EFh,0620h-064Fh \
  -ASFR0=00h-01Fh -ASFR1=080h-09Fh -ASFR2=0100h-011Fh -ASFR3=0180h-019Fh \
  -ASFR4=0200h-021Fh -ASFR5=0280h-029Fh -ASFR6=0300h-031Fh \
  -ASFR7=0380h-039Fh -ASFR8=0400h-041Fh -ASFR9=0480h-049Fh \
  -ASFR10=0500h-051Fh -ASFR11=0580h-059Fh -ASFR12=0600h-061Fh \
  -ASFR13=0680h-06EFh -ASFR14=0700h-076Fh -ASFR15=0780h-07EFh \
  -ASFR16=0800h-086Fh -ASFR17=0880h-08EFh -ASFR18=0900h-096Fh \
  -ASFR19=0980h-09EFh -ASFR20=0A00h-0A6Fh -ASFR21=0A80h-0AEFh \
  -ASFR22=0B00h-0B6Fh -ASFR23=0B80h-0BEFh -ASFR24=0C00h-0C6Fh \
  -ASFR25=0C80h-0CEFh -ASFR26=0D00h-0D6Fh -ASFR27=0D80h-0DEFh \
  -ASFR28=0E00h-0E6Fh -ASFR29=0E80h-0EEFh -ASFR30=0F00h-0F6Fh \
  -ASFR31=0F80h-0FEFh -ASFR32=01000h-0106Fh -ASFR33=01080h-010EFh \
  -ASFR34=01100h-0116Fh -ASFR35=01180h-011EFh -ASFR36=01200h-0126Fh \
  -ASFR37=01280h-012EFh -ASFR38=01300h-0136Fh -ASFR39=01380h-013EFh \
  -ASFR40=01400h-0146Fh -ASFR41=01480h-014EFh -ASFR42=01500h-0156Fh \
  -ASFR43=01580h-015EFh -ASFR44=01600h-0166Fh -ASFR45=01680h-016EFh \
  -ASFR46=01700h-0176Fh -ASFR47=01780h-017EFh -ASFR48=01800h-0186Fh \
  -ASFR49=01880h-018EFh -ASFR50=01900h-0196Fh -ASFR51=01980h-019EFh \
  -ASFR52=01A00h-01A6Fh -ASFR53=01A80h-01AEFh -ASFR54=01B00h-01B6Fh \
  -ASFR55=01B80h-01BEFh -ASFR56=01C00h-01C6Fh -ASFR57=01C80h-01CEFh \
  -ASFR58=01D00h-01D6Fh -ASFR59=01D80h-01DEFh -ASFR60=01E00h-01E6Fh \
  -ASFR61=01E80h-01EEFh -ASFR62=01F00h-01F6Fh -ASFR63=01F80h-01FEFh \
  -ACONFIG=08007h-0800Bh -DCONFIG=2 -AIDLOC=08000h-08003h -DIDLOC=2 \
  -DCODE=2 -DSTRCODE=2 -DSTRING=2 -DCONST=2 -DENTRY=2 \
  -preset_vec=00h,intentry=04h,init,end_init -ppowerup=CODE -pcinit=CODE \
  -pfunctab=ENTRY -k C:\Users\rahav\AppData\Local\Temp\xcAs37c.o \
  dist/default/production\Agua_Level_Sensor_V1.0_-_AVFS.X.production.o 

Object code version is 3.11

Machine type is 16LF15345



                Name                               Link     Load   Length Selector   Space Scale
C:\Users\rahav\AppData\Local\Temp\xcAs37c.o
                end_init                             61       61        2        8       0
                reset_vec                             0        0        2        0       0
                config                             8007     8007        5        0       4
                idloc                              8000     8000        4        0       5
dist/default/production\Agua_Level_Sensor_V1.0_-_AVFS.X.production.o
                cinit                                63       63       57        8       0
                intentry                              4        4       5D        8       0
                config                             8007     8007        5        0       4
                idloc                              8000     8000        4        0       5
                text52                              F93      F93       19     1F26       0
                text51                              E9D      E9D        4     1D3A       0
                text50                              E9A      E9A        1     1D34       0
                text49                              EA1      EA1        4     1D42       0
                text48                              6F8      6F8       3D        8       0
                text47                              7A3      7A3       22        8       0
                text46                              FAC      FAC       19     1F58       0
                text45                              EA5      EA5        4     1D4A       0
                text44                              E9B      E9B        1     1D36       0
                text43                              EA9      EA9        4     1D52       0
                text42                              6BB      6BB       3D        8       0
                text41                              781      781       22        8       0
                text40                              E9C      E9C        1     1D38       0
                text39                              F48      F48        F     1E90       0
                text38                              F05      F05        9     1E0A       0
                text37                                2        2        1        0       0
                text36                              F68      F68       14     1ED0       0
                text35                              F2D      F2D        D     1E5A       0
                text34                              F57      F57       11     1EAE       0
                text33                              FE1      FE1       1F     1FC2       0
                text31                              7E5      7E5       1B        8       0
                text30                              F0E      F0E        9     1E1C       0
                text29                              EAD      EAD        6     1D5A       0
                text28                              EB3      EB3        6     1D66       0
                text27                              EB9      EB9        6     1D72       0
                text26                              EBF      EBF        6     1D7E       0
                text25                              EC5      EC5        6     1D8A       0
                text24                              67D      67D       3E        8       0
                text23                              ECB      ECB        6     1D96       0
                text22                              ED1      ED1        6     1DA2       0
                text21                              ED7      ED7        6     1DAE       0
                text20                              EDD      EDD        6     1DBA       0
                text19                              EE3      EE3        6     1DC6       0
                text18                              63F      63F       3E        8       0
                text17                              F17      F17        A     1E2E       0
                text16                              EE9      EE9        6     1DD2       0
                text15                              5FE      5FE       41        8       0
                text14                              EF5      EF5        8     1DEA       0
                text13                              EFD      EFD        8     1DFA       0
                text12                              EEF      EEF        6     1DDE       0
                text11                              7C5      7C5       20        8       0
                text10                              F3A      F3A        E     1E74       0
                text9                               FC5      FC5       1C     1F8A       0
                text8                               735      735       28        8       0
                text7                               F7C      F7C       17     1EF8       0
                text6                               54A      54A       60        8       0
                text5                               5AA      5AA       54        8       0
                text4                               75D      75D       24        8       0
                text3                                BA       BA      23B        8       0
                text2                               4D9      4D9       71        8       0
                text1                               42E      42E       AB        8       0
                maintext                            2F5      2F5      139        8       0
                cstackBANK0                          20       20       2B       20       1
                cstackCOMMON                         70       70        A       70       1
                clrtext                             F21      F21        C     1E42       0
                bssBANK5                            2A0      2A0       40      2A0       1
                bssBANK4                            220      220       40      220       1
                bssBANK3                            1A0      1A0       40      1A0       1
                bssBANK2                            120      120       40      120       1
                bssBANK1                             A0       A0       24       A0       1
                dataBANK0                            6F       6F        1       20       1
                bssBANK0                             4B       4B       20       20       1
                bssCOMMON                            7A       7A        2       70       1
                stringtext3                        101C     101C        6     2000       0
                stringtext2                        1014     1014        8     2000       0
                stringtext1                        1000     1000       14     2000       0
                nvBANK1                              C4       C4       18       A0       1
                nvBANK0                              6B       6B        4       20       1
                idataBANK0                            3        3        1        6       0

TOTAL           Name                               Link     Load   Length     Space
        CLASS   CODE           
                end_init                             61       61        2         0
                cinit                                63       63       57         0
                intentry                              4        4       5D         0
                reset_vec                             0        0        2         0
                text52                              F93      F93       19         0
                text51                              E9D      E9D        4         0
                text50                              E9A      E9A        1         0
                text49                              EA1      EA1        4         0
                text48                              6F8      6F8       3D         0
                text47                              7A3      7A3       22         0
                text46                              FAC      FAC       19         0
                text45                              EA5      EA5        4         0
                text44                              E9B      E9B        1         0
                text43                              EA9      EA9        4         0
                text42                              6BB      6BB       3D         0
                text41                              781      781       22         0
                text40                              E9C      E9C        1         0
                text39                              F48      F48        F         0
                text38                              F05      F05        9         0
                text37                                2        2        1         0
                text36                              F68      F68       14         0
                text35                              F2D      F2D        D         0
                text34                              F57      F57       11         0
                text33                              FE1      FE1       1F         0
                text31                              7E5      7E5       1B         0
                text30                              F0E      F0E        9         0
                text29                              EAD      EAD        6         0
                text28                              EB3      EB3        6         0
                text27                              EB9      EB9        6         0
                text26                              EBF      EBF        6         0
                text25                              EC5      EC5        6         0
                text24                              67D      67D       3E         0
                text23                              ECB      ECB        6         0
                text22                              ED1      ED1        6         0
                text21                              ED7      ED7        6         0
                text20                              EDD      EDD        6         0
                text19                              EE3      EE3        6         0
                text18                              63F      63F       3E         0
                text17                              F17      F17        A         0
                text16                              EE9      EE9        6         0
                text15                              5FE      5FE       41         0
                text14                              EF5      EF5        8         0
                text13                              EFD      EFD        8         0
                text12                              EEF      EEF        6         0
                text11                              7C5      7C5       20         0
                text10                              F3A      F3A        E         0
                text9                               FC5      FC5       1C         0
                text8                               735      735       28         0
                text7                               F7C      F7C       17         0
                text6                               54A      54A       60         0
                text5                               5AA      5AA       54         0
                text4                               75D      75D       24         0
                text3                                BA       BA      23B         0
                text2                               4D9      4D9       71         0
                text1                               42E      42E       AB         0
                maintext                            2F5      2F5      139         0
                clrtext                             F21      F21        C         0
                idataBANK0                            3        3        1         0

        CLASS   STRCODE        
                stringtext3                        101C     101C        6         0
                stringtext2                        1014     1014        8         0
                stringtext1                        1000     1000       14         0

        CLASS   STRING         

        CLASS   CONST          

        CLASS   ENTRY          

        CLASS   COMMON         
                cstackCOMMON                         70       70        A         1
                bssCOMMON                            7A       7A        2         1

        CLASS   BANK0          
                cstackBANK0                          20       20       2B         1
                dataBANK0                            6F       6F        1         1
                bssBANK0                             4B       4B       20         1
                nvBANK0                              6B       6B        4         1

        CLASS   BANK1          
                bssBANK1                             A0       A0       24         1
                nvBANK1                              C4       C4       18         1

        CLASS   BANK2          
                bssBANK2                            120      120       40         1

        CLASS   BANK3          
                bssBANK3                            1A0      1A0       40         1

        CLASS   BANK4          
                bssBANK4                            220      220       40         1

        CLASS   BANK5          
                bssBANK5                            2A0      2A0       40         1

        CLASS   BANK6          

        CLASS   BANK7          

        CLASS   BANK8          

        CLASS   BANK9          

        CLASS   BANK10         

        CLASS   BANK11         

        CLASS   BANK12         

        CLASS   BIGRAM         

        CLASS   RAM            

        CLASS   ABS1           
                abs_s1                               7E       7E        2         1
                abs_s1                              5BC      5BC       34         1
                abs_s1                              620      620       30         1
                abs_s1                             238C     238C        0         1

        CLASS   SFR0           

        CLASS   SFR1           

        CLASS   SFR2           

        CLASS   SFR3           

        CLASS   SFR4           

        CLASS   SFR5           

        CLASS   SFR6           

        CLASS   SFR7           

        CLASS   SFR8           

        CLASS   SFR9           

        CLASS   SFR10          

        CLASS   SFR11          

        CLASS   SFR12          

        CLASS   SFR13          

        CLASS   SFR14          

        CLASS   SFR15          

        CLASS   SFR16          

        CLASS   SFR17          

        CLASS   SFR18          

        CLASS   SFR19          

        CLASS   SFR20          

        CLASS   SFR21          

        CLASS   SFR22          

        CLASS   SFR23          

        CLASS   SFR24          

        CLASS   SFR25          

        CLASS   SFR26          

        CLASS   SFR27          

        CLASS   SFR28          

        CLASS   SFR29          

        CLASS   SFR30          

        CLASS   SFR31          

        CLASS   SFR32          

        CLASS   SFR33          

        CLASS   SFR34          

        CLASS   SFR35          

        CLASS   SFR36          

        CLASS   SFR37          

        CLASS   SFR38          

        CLASS   SFR39          

        CLASS   SFR40          

        CLASS   SFR41          

        CLASS   SFR42          

        CLASS   SFR43          

        CLASS   SFR44          

        CLASS   SFR45          

        CLASS   SFR46          

        CLASS   SFR47          

        CLASS   SFR48          

        CLASS   SFR49          

        CLASS   SFR50          

        CLASS   SFR51          

        CLASS   SFR52          

        CLASS   SFR53          

        CLASS   SFR54          

        CLASS   SFR55          

        CLASS   SFR56          

        CLASS   SFR57          

        CLASS   SFR58          

        CLASS   SFR59          

        CLASS   SFR60          

        CLASS   SFR61          

        CLASS   SFR62          

        CLASS   SFR63          

        CLASS   CONFIG         
                config                             8007     8007        5         4

        CLASS   IDLOC          
                idloc                              8000     8000        4         5

        CLASS   BANK63         

        CLASS   BANK62         

        CLASS   BANK61         

        CLASS   BANK60         

        CLASS   BANK59         

        CLASS   BANK58         

        CLASS   BANK57         

        CLASS   BANK56         

        CLASS   BANK55         

        CLASS   BANK54         

        CLASS   BANK53         

        CLASS   BANK52         

        CLASS   BANK51         

        CLASS   BANK50         

        CLASS   BANK49         

        CLASS   BANK48         

        CLASS   BANK47         

        CLASS   BANK46         

        CLASS   BANK45         

        CLASS   BANK44         

        CLASS   BANK43         

        CLASS   BANK42         

        CLASS   BANK41         

        CLASS   BANK40         

        CLASS   BANK39         

        CLASS   BANK38         

        CLASS   BANK37         

        CLASS   BANK36         

        CLASS   BANK35         

        CLASS   BANK34         

        CLASS   BANK33         

        CLASS   BANK32         

        CLASS   BANK31         

        CLASS   BANK30         

        CLASS   BANK29         

        CLASS   BANK28         

        CLASS   BANK27         

        CLASS   BANK26         

        CLASS   BANK25         

        CLASS   BANK24         

        CLASS   BANK23         

        CLASS   BANK22         

        CLASS   BANK21         

        CLASS   BANK20         

        CLASS   BANK19         

        CLASS   BANK18         

        CLASS   BANK17         

        CLASS   BANK16         

        CLASS   BANK15         

        CLASS   BANK14         

        CLASS   BANK13         

        CLASS   HEAP           

        CLASS   STACK          

        CLASS   EEDATA         



SEGMENTS        Name                           Load    Length   Top    Selector   Space  Class     Delta

                reset_vec                      000000  000003  000003         0       0  CODE        2
                idataBANK0                     000003  000001  000004         6       0  CODE        2
                intentry                       000004  0007FC  000800         8       0  CODE        2
                cstackBANK0                    000020  000050  000070        20       1  BANK0       1
                cstackCOMMON                   000070  00000C  00007C        70       1  COMMON      1
                bssBANK1                       0000A0  00003C  0000DC        A0       1  BANK1       1
                bssBANK2                       000120  000040  000160       120       1  BANK2       1
                bssBANK3                       0001A0  000040  0001E0       1A0       1  BANK3       1
                bssBANK4                       000220  000040  000260       220       1  BANK4       1
                bssBANK5                       0002A0  000040  0002E0       2A0       1  BANK5       1
                text50                         000E9A  000001  000E9B      1D34       0  CODE        2
                text44                         000E9B  000001  000E9C      1D36       0  CODE        2
                text40                         000E9C  000001  000E9D      1D38       0  CODE        2
                text51                         000E9D  000004  000EA1      1D3A       0  CODE        2
                text49                         000EA1  000004  000EA5      1D42       0  CODE        2
                text45                         000EA5  000004  000EA9      1D4A       0  CODE        2
                text43                         000EA9  000004  000EAD      1D52       0  CODE        2
                text29                         000EAD  000006  000EB3      1D5A       0  CODE        2
                text28                         000EB3  000006  000EB9      1D66       0  CODE        2
                text27                         000EB9  000006  000EBF      1D72       0  CODE        2
                text26                         000EBF  000006  000EC5      1D7E       0  CODE        2
                text25                         000EC5  000006  000ECB      1D8A       0  CODE        2
                text23                         000ECB  000006  000ED1      1D96       0  CODE        2
                text22                         000ED1  000006  000ED7      1DA2       0  CODE        2
                text21                         000ED7  000006  000EDD      1DAE       0  CODE        2
                text20                         000EDD  000006  000EE3      1DBA       0  CODE        2
                text19                         000EE3  000006  000EE9      1DC6       0  CODE        2
                text16                         000EE9  000006  000EEF      1DD2       0  CODE        2
                text12                         000EEF  000006  000EF5      1DDE       0  CODE        2
                text14                         000EF5  000008  000EFD      1DEA       0  CODE        2
                text13                         000EFD  000008  000F05      1DFA       0  CODE        2
                text38                         000F05  000009  000F0E      1E0A       0  CODE        2
                text30                         000F0E  000009  000F17      1E1C       0  CODE        2
                text17                         000F17  00000A  000F21      1E2E       0  CODE        2
                clrtext                        000F21  00000C  000F2D      1E42       0  CODE        2
                text35                         000F2D  00000D  000F3A      1E5A       0  CODE        2
                text10                         000F3A  00000E  000F48      1E74       0  CODE        2
                text39                         000F48  00000F  000F57      1E90       0  CODE        2
                text34                         000F57  000011  000F68      1EAE       0  CODE        2
                text36                         000F68  000014  000F7C      1ED0       0  CODE        2
                text7                          000F7C  000017  000F93      1EF8       0  CODE        2
                text52                         000F93  000019  000FAC      1F26       0  CODE        2
                text46                         000FAC  000019  000FC5      1F58       0  CODE        2
                text9                          000FC5  00001C  000FE1      1F8A       0  CODE        2
                text33                         000FE1  00001F  001000      1FC2       0  CODE        2
                stringtext1                    001000  000022  001022      2000       0  STRCODE     2


UNUSED ADDRESS RANGES

        Name                Unused          Largest block    Delta
        BANK1            000DC-000EF              14           1
        BANK10           00520-0056F              50           1
        BANK11           005A0-005BB              1C           1
        BANK2            00160-0016F              10           1
        BANK3            001E0-001EF              10           1
        BANK4            00260-0026F              10           1
        BANK5            002E0-002EF              10           1
        BANK6            00320-0036F              50           1
        BANK7            003A0-003EF              50           1
        BANK8            00420-0046F              50           1
        BANK9            004A0-004EF              50           1
        BIGRAM           02000-023EF             3F0           1
        CODE             00800-00E99             69A           2
                         01022-01FFF             7DE
        COMMON           0007C-0007D               2           1
        CONST            00800-00E99             100           2
                         01022-01FFF             100
        ENTRY            00800-00E99             100           2
                         01022-01FFF             100
        RAM              000DC-000EF              14           1
                         00160-0016F              10
                         001E0-001EF              10
                         00260-0026F              10
                         002E0-002EF              10
                         00320-0036F              50
                         003A0-003EF              50
                         00420-0046F              50
                         004A0-004EF              50
                         00520-0056F              50
                         005A0-005BB              1C
        SFR0             00000-0001F              20           1
        SFR1             00080-0009F              20           1
        SFR10            00500-0051F              20           1
        SFR11            00580-0059F              20           1
        SFR12            00600-0061F              20           1
        SFR13            00680-006EF              70           1
        SFR14            00700-0076F              70           1
        SFR15            00780-007EF              70           1
        SFR16            00800-0086F              70           1
        SFR17            00880-008EF              70           1
        SFR18            00900-0096F              70           1
        SFR19            00980-009EF              70           1
        SFR2             00100-0011F              20           1
        SFR20            00A00-00A6F              70           1
        SFR21            00A80-00AEF              70           1
        SFR22            00B00-00B6F              70           1
        SFR23            00B80-00BEF              70           1
        SFR24            00C00-00C6F              70           1
        SFR25            00C80-00CEF              70           1
        SFR26            00D00-00D6F              70           1
        SFR27            00D80-00DEF              70           1
        SFR28            00E00-00E6F              70           1
        SFR29            00E80-00EEF              70           1
        SFR3             00180-0019F              20           1
        SFR30            00F00-00F6F              70           1
        SFR31            00F80-00FEF              70           1
        SFR32            01000-0106F              70           1
        SFR33            01080-010EF              70           1
        SFR34            01100-0116F              70           1
        SFR35            01180-011EF              70           1
        SFR36            01200-0126F              70           1
        SFR37            01280-012EF              70           1
        SFR38            01300-0136F              70           1
        SFR39            01380-013EF              70           1
        SFR4             00200-0021F              20           1
        SFR40            01400-0146F              70           1
        SFR41            01480-014EF              70           1
        SFR42            01500-0156F              70           1
        SFR43            01580-015EF              70           1
        SFR44            01600-0166F              70           1
        SFR45            01680-016EF              70           1
        SFR46            01700-0176F              70           1
        SFR47            01780-017EF              70           1
        SFR48            01800-0186F              70           1
        SFR49            01880-018EF              70           1
        SFR5             00280-0029F              20           1
        SFR50            01900-0196F              70           1
        SFR51            01980-019EF              70           1
        SFR52            01A00-01A6F              70           1
        SFR53            01A80-01AEF              70           1
        SFR54            01B00-01B6F              70           1
        SFR55            01B80-01BEF              70           1
        SFR56            01C00-01C6F              70           1
        SFR57            01C80-01CEF              70           1
        SFR58            01D00-01D6F              70           1
        SFR59            01D80-01DEF              70           1
        SFR6             00300-0031F              20           1
        SFR60            01E00-01E6F              70           1
        SFR61            01E80-01EEF              70           1
        SFR62            01F00-01F6F              70           1
        SFR63            01F80-01FEF              70           1
        SFR7             00380-0039F              20           1
        SFR8             00400-0041F              20           1
        SFR9             00480-0049F              20           1
        STRCODE          00800-00E99             69A           2
                         01022-01FFF             FDE
        STRING           00800-00E99             100           2
                         01022-01FFF             100

                                  Symbol Table

?_ADC_GetConversion                             cstackCOMMON 00072
?__Umul8_16                                     cstackCOMMON 00072
?___awdiv                                       cstackCOMMON 00072
?___awmod                                       cstackBANK0  00024
?___flmul                                       cstackBANK0  00026
?___fltol                                       cstackBANK0  00040
?___xxtofl                                      cstackCOMMON 00072
ADC_GetConversion@channel                       cstackCOMMON 00075
EUSART1_SetErrorHandler@interruptHandler        cstackCOMMON 00072
EUSART1_SetFramingErrorHandler@interruptHandler cstackCOMMON 00072
EUSART1_SetOverrunErrorHandler@interruptHandler cstackCOMMON 00072
EUSART1_SetRxInterruptHandler@interruptHandler  cstackCOMMON 00072
EUSART1_SetTxInterruptHandler@interruptHandler  cstackCOMMON 00072
EUSART1_Write@txData                            cstackCOMMON 00073
EUSART2_SetErrorHandler@interruptHandler        cstackCOMMON 00072
EUSART2_SetFramingErrorHandler@interruptHandler cstackCOMMON 00072
EUSART2_SetOverrunErrorHandler@interruptHandler cstackCOMMON 00072
EUSART2_SetRxInterruptHandler@interruptHandler  cstackCOMMON 00072
EUSART2_SetTxInterruptHandler@interruptHandler  cstackCOMMON 00072
IOCCF1_SetInterruptHandler@InterruptHandler     cstackCOMMON 00072
TMR1_ISR@CountCallBack                          bssBANK0     0005B
TMR1_SetInterruptHandler@InterruptHandler       cstackCOMMON 00072
TMR1_WriteTimer@timerVal                        cstackCOMMON 00070
UART1_Write@s                                   cstackCOMMON 00074
_ADACT                                          (abs)        0009F
_ADACTPPS                                       (abs)        01EC3
_ADCON0                                         (abs)        0009D
_ADCON0bits                                     (abs)        0009D
_ADCON1                                         (abs)        0009E
_ADC_GetConversion                              text31       007E5
_ADC_Initialize                                 text30       00F0E
_ADRESH                                         (abs)        0009C
_ADRESL                                         (abs)        0009B
_ANSELA                                         (abs)        01F38
_ANSELB                                         (abs)        01F43
_ANSELC                                         (abs)        01F4E
_BAUD1CON                                       (abs)        0011F
_BAUD2CON                                       (abs)        00A1F
_EUSART1_DefaultErrorHandler                    text51       00E9D
_EUSART1_DefaultFramingErrorHandler             text50       00E9A
_EUSART1_DefaultOverrunErrorHandler             text49       00EA1
_EUSART1_ErrorHandler                           nvBANK1      000D0
_EUSART1_FramingErrorHandler                    nvBANK1      000D4
_EUSART1_Initialize                             text24       0067D
_EUSART1_OverrunErrorHandler                    nvBANK1      000D2
_EUSART1_Receive_ISR                            text48       006F8
_EUSART1_RxDataHandler                          text52       00F93
_EUSART1_RxDefaultInterruptHandler              nvBANK1      000D6
_EUSART1_SetErrorHandler                        text29       00EAD
_EUSART1_SetFramingErrorHandler                 text28       00EB3
_EUSART1_SetOverrunErrorHandler                 text27       00EB9
_EUSART1_SetRxInterruptHandler                  text26       00EBF
_EUSART1_SetTxInterruptHandler                  text25       00EC5
_EUSART1_Transmit_ISR                           text47       007A3
_EUSART1_TxDefaultInterruptHandler              nvBANK1      000D8
_EUSART1_Write                                  text8        00735
_EUSART2_DefaultErrorHandler                    text45       00EA5
_EUSART2_DefaultFramingErrorHandler             text44       00E9B
_EUSART2_DefaultOverrunErrorHandler             text43       00EA9
_EUSART2_ErrorHandler                           nvBANK1      000C6
_EUSART2_FramingErrorHandler                    nvBANK1      000CA
_EUSART2_Initialize                             text18       0063F
_EUSART2_OverrunErrorHandler                    nvBANK1      000C8
_EUSART2_Receive_ISR                            text42       006BB
_EUSART2_RxDataHandler                          text46       00FAC
_EUSART2_RxDefaultInterruptHandler              nvBANK1      000CC
_EUSART2_SetErrorHandler                        text23       00ECB
_EUSART2_SetFramingErrorHandler                 text22       00ED1
_EUSART2_SetOverrunErrorHandler                 text21       00ED7
_EUSART2_SetRxInterruptHandler                  text20       00EDD
_EUSART2_SetTxInterruptHandler                  text19       00EE3
_EUSART2_Transmit_ISR                           text41       00781
_EUSART2_TxDefaultInterruptHandler              nvBANK1      000CE
_INLVLA                                         (abs)        01F3C
_INLVLB                                         (abs)        01F47
_INLVLC                                         (abs)        01F52
_INTCONbits                                     (abs)        0000B
_INTERRUPT_InterruptManager                     intentry     00004
_IOCCF1_DefaultInterruptHandler                 text40       00E9C
_IOCCF1_ISR                                     text39       00F48
_IOCCF1_InterruptHandler                        nvBANK1      000DA
_IOCCF1_SetInterruptHandler                     text16       00EE9
_IOCCFbits                                      (abs)        01F55
_IOCCNbits                                      (abs)        01F54
_IOCCPbits                                      (abs)        01F53
_LATA                                           (abs)        00018
_LATB                                           (abs)        00019
_LATC                                           (abs)        0001A
_NVMADRH                                        (abs)        0081B
_NVMADRL                                        (abs)        0081A
_NVMCON1bits                                    (abs)        0081E
_NVMCON2                                        (abs)        0081F
_NVMDATH                                        (abs)        0081D
_NVMDATL                                        (abs)        0081C
_ODCONA                                         (abs)        01F3A
_ODCONB                                         (abs)        01F45
_ODCONC                                         (abs)        01F50
_OSCCON1                                        (abs)        0088D
_OSCCON3                                        (abs)        0088F
_OSCEN                                          (abs)        00891
_OSCFRQ                                         (abs)        00893
_OSCILLATOR_Initialize                          text17       00F17
_OSCSTAT                                        (abs)        00890
_OSCTUNE                                        (abs)        00892
_PIE0bits                                       (abs)        00716
_PIE3bits                                       (abs)        00719
_PIE4bits                                       (abs)        0071A
_PIN_MANAGER_IOC                                text38       00F05
_PIN_MANAGER_Initialize                         text15       005FE
_PIR0bits                                       (abs)        0070C
_PIR3bits                                       (abs)        0070F
_PIR4bits                                       (abs)        00710
_PMD0                                           (abs)        00796
_PMD1                                           (abs)        00797
_PMD2                                           (abs)        00798
_PMD3                                           (abs)        00799
_PMD4                                           (abs)        0079A
_PMD5                                           (abs)        0079B
_PMD_Initialize                                 text14       00EF5
_PR2                                            (abs)        0028D
_PWM3CON                                        (abs)        00316
_PWM3DCH                                        (abs)        00315
_PWM3DCL                                        (abs)        00314
_PWM3_Initialize                                text13       00EFD
_RA0PPS                                         (abs)        01F10
_RA5PPS                                         (abs)        01F15
_RC0PPS                                         (abs)        01F20
_RC1REG                                         (abs)        00119
_RC1STA                                         (abs)        0011D
_RC1STAbits                                     (abs)        0011D
_RC2PPS                                         (abs)        01F22
_RC2REG                                         (abs)        00A19
_RC2STA                                         (abs)        00A1D
_RC2STAbits                                     (abs)        00A1D
_RX1DTPPS                                       (abs)        01ECB
_RX2DTPPS                                       (abs)        01ECD
_SLRCONA                                        (abs)        01F3B
_SLRCONB                                        (abs)        01F46
_SLRCONC                                        (abs)        01F51
_SP1BRGH                                        (abs)        0011C
_SP1BRGL                                        (abs)        0011B
_SP2BRGH                                        (abs)        00A1C
_SP2BRGL                                        (abs)        00A1B
_SYSTEM_Initialize                              text9        00FC5
_SecondTimer                                    text36       00F68
_T1CLK                                          (abs)        00211
_T1CON                                          (abs)        0020E
_T1CONbits                                      (abs)        0020E
_T1GATE                                         (abs)        00210
_T1GCON                                         (abs)        0020F
_T1GCONbits                                     (abs)        0020F
_T2CLKCON                                       (abs)        00290
_T2CON                                          (abs)        0028E
_T2CONbits                                      (abs)        0028E
_T2HLT                                          (abs)        0028F
_T2HLTbits                                      (abs)        0028F
_T2PR                                           (abs)        0028D
_T2RST                                          (abs)        00291
_T2RSTbits                                      (abs)        00291
_T2TMR                                          (abs)        0028C
_TMR1H                                          (abs)        0020D
_TMR1L                                          (abs)        0020C
_TMR1_CallBack                                  text35       00F2D
_TMR1_DefaultInterruptHandler                   text37       00002
_TMR1_ISR                                       text33       00FE1
_TMR1_Initialize                                text11       007C5
_TMR1_InterruptHandler                          nvBANK1      000C4
_TMR1_SetInterruptHandler                       text12       00EEF
_TMR1_WriteTimer                                text34       00F57
_TMR2                                           (abs)        0028C
_TMR2_Initialize                                text10       00F3A
_TRISA                                          (abs)        00012
_TRISB                                          (abs)        00013
_TRISC                                          (abs)        00014
_TX1REG                                         (abs)        0011A
_TX1STA                                         (abs)        0011E
_TX1STAbits                                     (abs)        0011E
_TX2REG                                         (abs)        00A1A
_TX2STA                                         (abs)        00A1E
_TX2STAbits                                     (abs)        00A1E
_UART1_Write                                    text7        00F7C
_WPUA                                           (abs)        01F39
_WPUB                                           (abs)        01F44
_WPUC                                           (abs)        01F4F
__Habs1                                         abs1         00000
__Hbank0                                        bank0        00000
__Hbank1                                        bank1        00000
__Hbank10                                       bank10       00000
__Hbank11                                       bank11       00000
__Hbank12                                       bank12       00000
__Hbank13                                       bank13       00000
__Hbank14                                       bank14       00000
__Hbank15                                       bank15       00000
__Hbank16                                       bank16       00000
__Hbank17                                       bank17       00000
__Hbank18                                       bank18       00000
__Hbank19                                       bank19       00000
__Hbank2                                        bank2        00000
__Hbank20                                       bank20       00000
__Hbank21                                       bank21       00000
__Hbank22                                       bank22       00000
__Hbank23                                       bank23       00000
__Hbank24                                       bank24       00000
__Hbank25                                       bank25       00000
__Hbank26                                       bank26       00000
__Hbank27                                       bank27       00000
__Hbank28                                       bank28       00000
__Hbank29                                       bank29       00000
__Hbank3                                        bank3        00000
__Hbank30                                       bank30       00000
__Hbank31                                       bank31       00000
__Hbank32                                       bank32       00000
__Hbank33                                       bank33       00000
__Hbank34                                       bank34       00000
__Hbank35                                       bank35       00000
__Hbank36                                       bank36       00000
__Hbank37                                       bank37       00000
__Hbank38                                       bank38       00000
__Hbank39                                       bank39       00000
__Hbank4                                        bank4        00000
__Hbank40                                       bank40       00000
__Hbank41                                       bank41       00000
__Hbank42                                       bank42       00000
__Hbank43                                       bank43       00000
__Hbank44                                       bank44       00000
__Hbank45                                       bank45       00000
__Hbank46                                       bank46       00000
__Hbank47                                       bank47       00000
__Hbank48                                       bank48       00000
__Hbank49                                       bank49       00000
__Hbank5                                        bank5        00000
__Hbank50                                       bank50       00000
__Hbank51                                       bank51       00000
__Hbank52                                       bank52       00000
__Hbank53                                       bank53       00000
__Hbank54                                       bank54       00000
__Hbank55                                       bank55       00000
__Hbank56                                       bank56       00000
__Hbank57                                       bank57       00000
__Hbank58                                       bank58       00000
__Hbank59                                       bank59       00000
__Hbank6                                        bank6        00000
__Hbank60                                       bank60       00000
__Hbank61                                       bank61       00000
__Hbank62                                       bank62       00000
__Hbank63                                       bank63       00000
__Hbank7                                        bank7        00000
__Hbank8                                        bank8        00000
__Hbank9                                        bank9        00000
__Hbigram                                       bigram       00000
__HbssBANK0                                     bssBANK0     00000
__HbssBANK1                                     bssBANK1     00000
__HbssBANK2                                     bssBANK2     00000
__HbssBANK3                                     bssBANK3     00000
__HbssBANK4                                     bssBANK4     00000
__HbssBANK5                                     bssBANK5     00000
__HbssCOMMON                                    bssCOMMON    00000
__Hcinit                                        cinit        000BA
__Hclrtext                                      clrtext      00000
__Hcode                                         code         00000
__Hcommon                                       common       00000
__Hconfig                                       config       0800C
__HcstackBANK0                                  cstackBANK0  00000
__HcstackCOMMON                                 cstackCOMMON 00000
__HdataBANK0                                    dataBANK0    00000
__Heeprom_data                                  eeprom_data  00000
__Hend_init                                     end_init     00063
__Hfunctab                                      functab      00000
__Hheap                                         heap         00000
__HidataBANK0                                   idataBANK0   00000
__Hidloc                                        idloc        08004
__Hinit                                         init         00061
__Hintentry                                     intentry     00061
__Hmaintext                                     maintext     00000
__HnvBANK0                                      nvBANK0      00000
__HnvBANK1                                      nvBANK1      00000
__Hpowerup                                      powerup      00000
__Hram                                          ram          00000
__Hreset_vec                                    reset_vec    00002
__Hsfr0                                         sfr0         00000
__Hsfr1                                         sfr1         00000
__Hsfr10                                        sfr10        00000
__Hsfr11                                        sfr11        00000
__Hsfr12                                        sfr12        00000
__Hsfr13                                        sfr13        00000
__Hsfr14                                        sfr14        00000
__Hsfr15                                        sfr15        00000
__Hsfr16                                        sfr16        00000
__Hsfr17                                        sfr17        00000
__Hsfr18                                        sfr18        00000
__Hsfr19                                        sfr19        00000
__Hsfr2                                         sfr2         00000
__Hsfr20                                        sfr20        00000
__Hsfr21                                        sfr21        00000
__Hsfr22                                        sfr22        00000
__Hsfr23                                        sfr23        00000
__Hsfr24                                        sfr24        00000
__Hsfr25                                        sfr25        00000
__Hsfr26                                        sfr26        00000
__Hsfr27                                        sfr27        00000
__Hsfr28                                        sfr28        00000
__Hsfr29                                        sfr29        00000
__Hsfr3                                         sfr3         00000
__Hsfr30                                        sfr30        00000
__Hsfr31                                        sfr31        00000
__Hsfr32                                        sfr32        00000
__Hsfr33                                        sfr33        00000
__Hsfr34                                        sfr34        00000
__Hsfr35                                        sfr35        00000
__Hsfr36                                        sfr36        00000
__Hsfr37                                        sfr37        00000
__Hsfr38                                        sfr38        00000
__Hsfr39                                        sfr39        00000
__Hsfr4                                         sfr4         00000
__Hsfr40                                        sfr40        00000
__Hsfr41                                        sfr41        00000
__Hsfr42                                        sfr42        00000
__Hsfr43                                        sfr43        00000
__Hsfr44                                        sfr44        00000
__Hsfr45                                        sfr45        00000
__Hsfr46                                        sfr46        00000
__Hsfr47                                        sfr47        00000
__Hsfr48                                        sfr48        00000
__Hsfr49                                        sfr49        00000
__Hsfr5                                         sfr5         00000
__Hsfr50                                        sfr50        00000
__Hsfr51                                        sfr51        00000
__Hsfr52                                        sfr52        00000
__Hsfr53                                        sfr53        00000
__Hsfr54                                        sfr54        00000
__Hsfr55                                        sfr55        00000
__Hsfr56                                        sfr56        00000
__Hsfr57                                        sfr57        00000
__Hsfr58                                        sfr58        00000
__Hsfr59                                        sfr59        00000
__Hsfr6                                         sfr6         00000
__Hsfr60                                        sfr60        00000
__Hsfr61                                        sfr61        00000
__Hsfr62                                        sfr62        00000
__Hsfr63                                        sfr63        00000
__Hsfr7                                         sfr7         00000
__Hsfr8                                         sfr8         00000
__Hsfr9                                         sfr9         00000
__Hspace_0                                      (abs)        01022
__Hspace_1                                      (abs)        002E0
__Hspace_2                                      (abs)        00000
__Hspace_3                                      (abs)        00000
__Hspace_4                                      (abs)        10013
__Hstack                                        stack        00000
__Hstrings                                      strings      00000
__Hstringtext1                                  stringtext1  00000
__Hstringtext2                                  stringtext2  00000
__Hstringtext3                                  stringtext3  00000
__Hstringtext4                                  stringtext4  00000
__Htext                                         text         00000
__Labs1                                         abs1         00000
__Lbank0                                        bank0        00000
__Lbank1                                        bank1        00000
__Lbank10                                       bank10       00000
__Lbank11                                       bank11       00000
__Lbank12                                       bank12       00000
__Lbank13                                       bank13       00000
__Lbank14                                       bank14       00000
__Lbank15                                       bank15       00000
__Lbank16                                       bank16       00000
__Lbank17                                       bank17       00000
__Lbank18                                       bank18       00000
__Lbank19                                       bank19       00000
__Lbank2                                        bank2        00000
__Lbank20                                       bank20       00000
__Lbank21                                       bank21       00000
__Lbank22                                       bank22       00000
__Lbank23                                       bank23       00000
__Lbank24                                       bank24       00000
__Lbank25                                       bank25       00000
__Lbank26                                       bank26       00000
__Lbank27                                       bank27       00000
__Lbank28                                       bank28       00000
__Lbank29                                       bank29       00000
__Lbank3                                        bank3        00000
__Lbank30                                       bank30       00000
__Lbank31                                       bank31       00000
__Lbank32                                       bank32       00000
__Lbank33                                       bank33       00000
__Lbank34                                       bank34       00000
__Lbank35                                       bank35       00000
__Lbank36                                       bank36       00000
__Lbank37                                       bank37       00000
__Lbank38                                       bank38       00000
__Lbank39                                       bank39       00000
__Lbank4                                        bank4        00000
__Lbank40                                       bank40       00000
__Lbank41                                       bank41       00000
__Lbank42                                       bank42       00000
__Lbank43                                       bank43       00000
__Lbank44                                       bank44       00000
__Lbank45                                       bank45       00000
__Lbank46                                       bank46       00000
__Lbank47                                       bank47       00000
__Lbank48                                       bank48       00000
__Lbank49                                       bank49       00000
__Lbank5                                        bank5        00000
__Lbank50                                       bank50       00000
__Lbank51                                       bank51       00000
__Lbank52                                       bank52       00000
__Lbank53                                       bank53       00000
__Lbank54                                       bank54       00000
__Lbank55                                       bank55       00000
__Lbank56                                       bank56       00000
__Lbank57                                       bank57       00000
__Lbank58                                       bank58       00000
__Lbank59                                       bank59       00000
__Lbank6                                        bank6        00000
__Lbank60                                       bank60       00000
__Lbank61                                       bank61       00000
__Lbank62                                       bank62       00000
__Lbank63                                       bank63       00000
__Lbank7                                        bank7        00000
__Lbank8                                        bank8        00000
__Lbank9                                        bank9        00000
__Lbigram                                       bigram       00000
__LbssBANK0                                     bssBANK0     00000
__LbssBANK1                                     bssBANK1     00000
__LbssBANK2                                     bssBANK2     00000
__LbssBANK3                                     bssBANK3     00000
__LbssBANK4                                     bssBANK4     00000
__LbssBANK5                                     bssBANK5     00000
__LbssCOMMON                                    bssCOMMON    00000
__Lcinit                                        cinit        00063
__Lclrtext                                      clrtext      00000
__Lcode                                         code         00000
__Lcommon                                       common       00000
__Lconfig                                       config       00000
__LcstackBANK0                                  cstackBANK0  00000
__LcstackCOMMON                                 cstackCOMMON 00000
__LdataBANK0                                    dataBANK0    00000
__Leeprom_data                                  eeprom_data  00000
__Lend_init                                     end_init     00061
__Lfunctab                                      functab      00000
__Lheap                                         heap         00000
__LidataBANK0                                   idataBANK0   00000
__Lidloc                                        idloc        00000
__Linit                                         init         00061
__Lintentry                                     intentry     00004
__Lmaintext                                     maintext     00000
__LnvBANK0                                      nvBANK0      00000
__LnvBANK1                                      nvBANK1      00000
__Lpowerup                                      powerup      00000
__Lram                                          ram          00000
__Lreset_vec                                    reset_vec    00000
__Lsfr0                                         sfr0         00000
__Lsfr1                                         sfr1         00000
__Lsfr10                                        sfr10        00000
__Lsfr11                                        sfr11        00000
__Lsfr12                                        sfr12        00000
__Lsfr13                                        sfr13        00000
__Lsfr14                                        sfr14        00000
__Lsfr15                                        sfr15        00000
__Lsfr16                                        sfr16        00000
__Lsfr17                                        sfr17        00000
__Lsfr18                                        sfr18        00000
__Lsfr19                                        sfr19        00000
__Lsfr2                                         sfr2         00000
__Lsfr20                                        sfr20        00000
__Lsfr21                                        sfr21        00000
__Lsfr22                                        sfr22        00000
__Lsfr23                                        sfr23        00000
__Lsfr24                                        sfr24        00000
__Lsfr25                                        sfr25        00000
__Lsfr26                                        sfr26        00000
__Lsfr27                                        sfr27        00000
__Lsfr28                                        sfr28        00000
__Lsfr29                                        sfr29        00000
__Lsfr3                                         sfr3         00000
__Lsfr30                                        sfr30        00000
__Lsfr31                                        sfr31        00000
__Lsfr32                                        sfr32        00000
__Lsfr33                                        sfr33        00000
__Lsfr34                                        sfr34        00000
__Lsfr35                                        sfr35        00000
__Lsfr36                                        sfr36        00000
__Lsfr37                                        sfr37        00000
__Lsfr38                                        sfr38        00000
__Lsfr39                                        sfr39        00000
__Lsfr4                                         sfr4         00000
__Lsfr40                                        sfr40        00000
__Lsfr41                                        sfr41        00000
__Lsfr42                                        sfr42        00000
__Lsfr43                                        sfr43        00000
__Lsfr44                                        sfr44        00000
__Lsfr45                                        sfr45        00000
__Lsfr46                                        sfr46        00000
__Lsfr47                                        sfr47        00000
__Lsfr48                                        sfr48        00000
__Lsfr49                                        sfr49        00000
__Lsfr5                                         sfr5         00000
__Lsfr50                                        sfr50        00000
__Lsfr51                                        sfr51        00000
__Lsfr52                                        sfr52        00000
__Lsfr53                                        sfr53        00000
__Lsfr54                                        sfr54        00000
__Lsfr55                                        sfr55        00000
__Lsfr56                                        sfr56        00000
__Lsfr57                                        sfr57        00000
__Lsfr58                                        sfr58        00000
__Lsfr59                                        sfr59        00000
__Lsfr6                                         sfr6         00000
__Lsfr60                                        sfr60        00000
__Lsfr61                                        sfr61        00000
__Lsfr62                                        sfr62        00000
__Lsfr63                                        sfr63        00000
__Lsfr7                                         sfr7         00000
__Lsfr8                                         sfr8         00000
__Lsfr9                                         sfr9         00000
__Lspace_0                                      (abs)        00000
__Lspace_1                                      (abs)        00000
__Lspace_2                                      (abs)        00000
__Lspace_3                                      (abs)        00000
__Lspace_4                                      (abs)        00000
__Lstack                                        stack        00000
__Lstrings                                      strings      00000
__Lstringtext1                                  stringtext1  00000
__Lstringtext2                                  stringtext2  00000
__Lstringtext3                                  stringtext3  00000
__Lstringtext4                                  stringtext4  00000
__Ltext                                         text         00000
__S0                                            (abs)        01022
__S1                                            (abs)        002E0
__Umul8_16                                      text4        0075D
__Umul8_16@multiplicand                         cstackCOMMON 00072
__Umul8_16@multiplier                           cstackBANK0  00024
__Umul8_16@product                              cstackBANK0  00020
__Umul8_16@word_mpld                            cstackBANK0  00022
___awdiv                                        text6        0054A
___awdiv@counter                                cstackBANK0  00020
___awdiv@dividend                               cstackCOMMON 00074
___awdiv@divisor                                cstackCOMMON 00072
___awdiv@quotient                               cstackBANK0  00022
___awdiv@sign                                   cstackBANK0  00021
___awmod                                        text5        005AA
___awmod@counter                                cstackCOMMON 00078
___awmod@dividend                               cstackBANK0  00026
___awmod@divisor                                cstackBANK0  00024
___awmod@sign                                   cstackCOMMON 00079
___flmul                                        text3        000BA
___flmul@a                                      cstackBANK0  0002A
___flmul@aexp                                   cstackBANK0  00034
___flmul@b                                      cstackBANK0  00026
___flmul@bexp                                   cstackBANK0  00039
___flmul@grs                                    cstackBANK0  00035
___flmul@prod                                   cstackBANK0  0003A
___flmul@sign                                   cstackBANK0  00033
___flmul@temp                                   cstackBANK0  0003E
___fltol                                        text2        004D9
___fltol@exp1                                   cstackBANK0  00049
___fltol@f1                                     cstackBANK0  00040
___fltol@sign1                                  cstackBANK0  00048
___heap_hi                                      (abs)        00000
___heap_lo                                      (abs)        00000
___int_sp                                       stack        00000
___latbits                                      (abs)        00002
___sp                                           stack        00000
___stackhi                                      (abs)        00000
___stacklo                                      (abs)        00000
___xxtofl                                       text1        0042E
___xxtofl@arg                                   cstackBANK0  00022
___xxtofl@exp                                   cstackBANK0  00021
___xxtofl@sign                                  cstackBANK0  00020
___xxtofl@val                                   cstackCOMMON 00072
__end_of_ADC_GetConversion                      text31       00800
__end_of_ADC_Initialize                         text30       00F17
__end_of_EUSART1_DefaultErrorHandler            text51       00EA1
__end_of_EUSART1_DefaultFramingErrorHandler     text50       00E9B
__end_of_EUSART1_DefaultOverrunErrorHandler     text49       00EA5
__end_of_EUSART1_Initialize                     text24       006BB
__end_of_EUSART1_Receive_ISR                    text48       00735
__end_of_EUSART1_RxDataHandler                  text52       00FAC
__end_of_EUSART1_SetErrorHandler                text29       00EB3
__end_of_EUSART1_SetFramingErrorHandler         text28       00EB9
__end_of_EUSART1_SetOverrunErrorHandler         text27       00EBF
__end_of_EUSART1_SetRxInterruptHandler          text26       00EC5
__end_of_EUSART1_SetTxInterruptHandler          text25       00ECB
__end_of_EUSART1_Transmit_ISR                   text47       007C5
__end_of_EUSART1_Write                          text8        0075D
__end_of_EUSART2_DefaultErrorHandler            text45       00EA9
__end_of_EUSART2_DefaultFramingErrorHandler     text44       00E9C
__end_of_EUSART2_DefaultOverrunErrorHandler     text43       00EAD
__end_of_EUSART2_Initialize                     text18       0067D
__end_of_EUSART2_Receive_ISR                    text42       006F8
__end_of_EUSART2_RxDataHandler                  text46       00FC5
__end_of_EUSART2_SetErrorHandler                text23       00ED1
__end_of_EUSART2_SetFramingErrorHandler         text22       00ED7
__end_of_EUSART2_SetOverrunErrorHandler         text21       00EDD
__end_of_EUSART2_SetRxInterruptHandler          text20       00EE3
__end_of_EUSART2_SetTxInterruptHandler          text19       00EE9
__end_of_EUSART2_Transmit_ISR                   text41       007A3
__end_of_INTERRUPT_InterruptManager             intentry     00061
__end_of_IOCCF1_DefaultInterruptHandler         text40       00E9D
__end_of_IOCCF1_ISR                             text39       00F57
__end_of_IOCCF1_SetInterruptHandler             text16       00EEF
__end_of_OSCILLATOR_Initialize                  text17       00F21
__end_of_PIN_MANAGER_IOC                        text38       00F0E
__end_of_PIN_MANAGER_Initialize                 text15       0063F
__end_of_PMD_Initialize                         text14       00EFD
__end_of_PWM3_Initialize                        text13       00F05
__end_of_SYSTEM_Initialize                      text9        00FE1
__end_of_SecondTimer                            text36       00F7C
__end_of_TMR1_CallBack                          text35       00F3A
__end_of_TMR1_DefaultInterruptHandler           text37       00003
__end_of_TMR1_ISR                               text33       01000
__end_of_TMR1_Initialize                        text11       007E5
__end_of_TMR1_SetInterruptHandler               text12       00EF5
__end_of_TMR1_WriteTimer                        text34       00F68
__end_of_TMR2_Initialize                        text10       00F48
__end_of_UART1_Write                            text7        00F93
__end_of__Umul8_16                              text4        00781
__end_of___awdiv                                text6        005AA
__end_of___awmod                                text5        005FE
__end_of___flmul                                text3        002F5
__end_of___fltol                                text2        0054A
__end_of___xxtofl                               text1        004D9
__end_of__initialization                        cinit        000B6
__end_of_main                                   maintext     0042E
__initialization                                cinit        00063
__pbssBANK0                                     bssBANK0     0004B
__pbssBANK1                                     bssBANK1     000A0
__pbssBANK2                                     bssBANK2     00120
__pbssBANK3                                     bssBANK3     001A0
__pbssBANK4                                     bssBANK4     00220
__pbssBANK5                                     bssBANK5     002A0
__pbssBIGRAM                                    (abs)        0238C
__pbssCOMMON                                    bssCOMMON    0007A
__pcstackBANK0                                  cstackBANK0  00020
__pcstackCOMMON                                 cstackCOMMON 00070
__pdataBANK0                                    dataBANK0    0006F
__pidataBANK0                                   idataBANK0   00003
__pintentry                                     intentry     00004
__pmaintext                                     maintext     002F5
__pnvBANK0                                      nvBANK0      0006B
__pnvBANK1                                      nvBANK1      000C4
__pstringtext1                                  stringtext1  01000
__pstringtext2                                  stringtext2  01014
__pstringtext3                                  stringtext3  0101C
__pstringtext4                                  stringtext4  00000
__ptext1                                        text1        0042E
__ptext10                                       text10       00F3A
__ptext11                                       text11       007C5
__ptext12                                       text12       00EEF
__ptext13                                       text13       00EFD
__ptext14                                       text14       00EF5
__ptext15                                       text15       005FE
__ptext16                                       text16       00EE9
__ptext17                                       text17       00F17
__ptext18                                       text18       0063F
__ptext19                                       text19       00EE3
__ptext2                                        text2        004D9
__ptext20                                       text20       00EDD
__ptext21                                       text21       00ED7
__ptext22                                       text22       00ED1
__ptext23                                       text23       00ECB
__ptext24                                       text24       0067D
__ptext25                                       text25       00EC5
__ptext26                                       text26       00EBF
__ptext27                                       text27       00EB9
__ptext28                                       text28       00EB3
__ptext29                                       text29       00EAD
__ptext3                                        text3        000BA
__ptext30                                       text30       00F0E
__ptext31                                       text31       007E5
__ptext33                                       text33       00FE1
__ptext34                                       text34       00F57
__ptext35                                       text35       00F2D
__ptext36                                       text36       00F68
__ptext37                                       text37       00002
__ptext38                                       text38       00F05
__ptext39                                       text39       00F48
__ptext4                                        text4        0075D
__ptext40                                       text40       00E9C
__ptext41                                       text41       00781
__ptext42                                       text42       006BB
__ptext43                                       text43       00EA9
__ptext44                                       text44       00E9B
__ptext45                                       text45       00EA5
__ptext46                                       text46       00FAC
__ptext47                                       text47       007A3
__ptext48                                       text48       006F8
__ptext49                                       text49       00EA1
__ptext5                                        text5        005AA
__ptext50                                       text50       00E9A
__ptext51                                       text51       00E9D
__ptext52                                       text52       00F93
__ptext6                                        text6        0054A
__ptext7                                        text7        00F7C
__ptext8                                        text8        00735
__ptext9                                        text9        00FC5
_avgflag                                        bssBANK0     00055
_avgvalue                                       bssBANK0     00069
_eusart1RxBuffer                                bssBANK4     00220
_eusart1RxCount                                 bssBANK0     00065
_eusart1RxHead                                  bssCOMMON    0007B
_eusart1RxLastError                             bssBANK0     00064
_eusart1RxStatusBuffer                          bssBANK2     00120
_eusart1RxTail                                  bssBANK0     00066
_eusart1TxBuffer                                bssBANK1     000B2
_eusart1TxBufferRemaining                       nvBANK0      0006E
_eusart1TxHead                                  bssBANK0     00068
_eusart1TxTail                                  bssBANK0     00067
_eusart2RxBuffer                                bssBANK5     002A0
_eusart2RxCount                                 bssBANK0     00060
_eusart2RxHead                                  bssCOMMON    0007A
_eusart2RxLastError                             bssBANK0     0005F
_eusart2RxStatusBuffer                          bssBANK3     001A0
_eusart2RxTail                                  bssBANK0     00061
_eusart2TxBuffer                                bssBANK1     000AA
_eusart2TxBufferRemaining                       nvBANK0      0006D
_eusart2TxHead                                  bssBANK0     00063
_eusart2TxTail                                  bssBANK0     00062
_framechar                                      dataBANK0    0006F
_levelraw                                       bssBANK0     00059
_main                                           maintext     002F5
_readbuffer                                     (abs)        0238C
_time_out2                                      bssBANK0     00057
_timer1ReloadVal                                nvBANK0      0006B
btemp                                           (abs)        0007E
clear_ram0                                      clrtext      00F21
end_of_initialization                           cinit        000B6
int$flags                                       (abs)        0007E
intlevel0                                       functab      00000
intlevel1                                       functab      00000
intlevel2                                       functab      00000
intlevel3                                       functab      00000
intlevel4                                       functab      00000
intlevel5                                       functab      00000
reset_vec                                       reset_vec    00000
start                                           init         00061
start_initialization                            cinit        00063
wtemp0                                          (abs)        0007E


MODULE INFORMATION

Module		Function		Class		Link	Load	Size
C:\Program Files\Microchip\xc8\v2.40\pic\sources\c90\common\fltol.c
		___fltol       		CODE           	04D9	0000	113

C:\Program Files\Microchip\xc8\v2.40\pic\sources\c90\common\fltol.c estimated size: 113

mcc_generated_files/eusart2.c
		_EUSART2_SetOverrunErrorHandler		CODE           	0ED7	0000	6
		_EUSART2_SetErrorHandler		CODE           	0ECB	0000	6
		_EUSART2_Receive_ISR		CODE           	06BB	0000	61
		_EUSART2_RxDataHandler		CODE           	0FAC	0000	25
		_EUSART2_DefaultOverrunErrorHandler		CODE           	0EA9	0000	4
		_EUSART2_Transmit_ISR		CODE           	0781	0000	34
		_EUSART2_DefaultFramingErrorHandler		CODE           	0E9B	0000	1
		_EUSART2_SetRxInterruptHandler		CODE           	0EDD	0000	6
		_EUSART2_SetTxInterruptHandler		CODE           	0EE3	0000	6
		_EUSART2_Initialize		CODE           	063F	0000	62
		_EUSART2_DefaultErrorHandler		CODE           	0EA5	0000	4
		_EUSART2_SetFramingErrorHandler		CODE           	0ED1	0000	6

mcc_generated_files/eusart2.c estimated size: 221

mcc_generated_files/tmr2.c
		_TMR2_Initialize		CODE           	0F3A	0000	14

mcc_generated_files/tmr2.c estimated size: 14

C:\Program Files\Microchip\xc8\v2.40\pic\sources\c90\common\awdiv.c
		___awdiv       		CODE           	054A	0000	96

C:\Program Files\Microchip\xc8\v2.40\pic\sources\c90\common\awdiv.c estimated size: 96

mcc_generated_files/interrupt_manager.c
		_INTERRUPT_InterruptManager		CODE           	0004	0000	93

mcc_generated_files/interrupt_manager.c estimated size: 93

C:\Program Files\Microchip\xc8\v2.40\pic\sources\c90\common\sprcmul.c
		___flmul       		CODE           	00BA	0000	571

C:\Program Files\Microchip\xc8\v2.40\pic\sources\c90\common\sprcmul.c estimated size: 571

mcc_generated_files/pin_manager.c
		_PIN_MANAGER_Initialize		CODE           	05FE	0000	65
		_IOCCF1_DefaultInterruptHandler		CODE           	0E9C	0000	1
		_IOCCF1_ISR    		CODE           	0F48	0000	15
		_PIN_MANAGER_IOC		CODE           	0F05	0000	9
		_IOCCF1_SetInterruptHandler		CODE           	0EE9	0000	6

mcc_generated_files/pin_manager.c estimated size: 96

mcc_generated_files/adc.c
		_ADC_Initialize		CODE           	0F0E	0000	9
		_ADC_GetConversion		CODE           	07E5	0000	27

mcc_generated_files/adc.c estimated size: 36

C:\Program Files\Microchip\xc8\v2.40\pic\sources\c90\common\Umul8_16.c
		__Umul8_16     		CODE           	075D	0000	36

C:\Program Files\Microchip\xc8\v2.40\pic\sources\c90\common\Umul8_16.c estimated size: 36

shared
		__initialization		CODE           	0063	0000	83

shared estimated size: 83

mcc_generated_files/eusart1.c
		_EUSART1_SetRxInterruptHandler		CODE           	0EBF	0000	6
		_EUSART1_SetTxInterruptHandler		CODE           	0EC5	0000	6
		_EUSART1_Initialize		CODE           	067D	0000	62
		_EUSART1_DefaultErrorHandler		CODE           	0E9D	0000	4
		_EUSART1_SetFramingErrorHandler		CODE           	0EB3	0000	6
		_EUSART1_SetOverrunErrorHandler		CODE           	0EB9	0000	6
		_EUSART1_SetErrorHandler		CODE           	0EAD	0000	6
		_EUSART1_Write 		CODE           	0735	0000	40
		_EUSART1_Receive_ISR		CODE           	06F8	0000	61
		_EUSART1_RxDataHandler		CODE           	0F93	0000	25
		_EUSART1_DefaultOverrunErrorHandler		CODE           	0EA1	0000	4
		_EUSART1_Transmit_ISR		CODE           	07A3	0000	34
		_EUSART1_DefaultFramingErrorHandler		CODE           	0E9A	0000	1

mcc_generated_files/eusart1.c estimated size: 261

mcc_generated_files/mcc.c
		_PMD_Initialize		CODE           	0EF5	0000	8
		_OSCILLATOR_Initialize		CODE           	0F17	0000	10
		_SYSTEM_Initialize		CODE           	0FC5	0000	28

mcc_generated_files/mcc.c estimated size: 46

mcc_generated_files/pwm3.c
		_PWM3_Initialize		CODE           	0EFD	0000	8

mcc_generated_files/pwm3.c estimated size: 8

mcc_generated_files/tmr1.c
		_TMR1_Initialize		CODE           	07C5	0000	32
		_TMR1_SetInterruptHandler		CODE           	0EEF	0000	6
		_TMR1_DefaultInterruptHandler		CODE           	0002	0000	1
		_TMR1_CallBack 		CODE           	0F2D	0000	13
		_TMR1_WriteTimer		CODE           	0F57	0000	17
		_TMR1_ISR      		CODE           	0FE1	0000	31

mcc_generated_files/tmr1.c estimated size: 100

C:\Program Files\Microchip\xc8\v2.40\pic\sources\c90\common\awmod.c
		___awmod       		CODE           	05AA	0000	84

C:\Program Files\Microchip\xc8\v2.40\pic\sources\c90\common\awmod.c estimated size: 84

main.c
		_SecondTimer   		CODE           	0F68	0000	20
		_UART1_Write   		CODE           	0F7C	0000	23
		_main          		CODE           	02F5	0000	313

main.c estimated size: 356

C:\Program Files\Microchip\xc8\v2.40\pic\sources\c90\common\xxtofl.c
		___xxtofl      		CODE           	042E	0000	171

C:\Program Files\Microchip\xc8\v2.40\pic\sources\c90\common\xxtofl.c estimated size: 171

